Initialized native services in: C:\Users\Ronal\.gradle\native
Initialized jansi services in: C:\Users\Ronal\.gradle\native
Found daemon DaemonInfo{pid=26952, address=[ec84d61a-fecd-4d99-818b-92cf36920f7e port:55713, addresses:[/127.0.0.1]], state=Idle, lastBusy=1772759193432, context=DefaultDaemonContext[uid=fab666da-c9b3-43a1-b308-1261abff0bc1,javaHome=C:\Program Files\java\jdk-24.0.2,javaVersion=24,javaVendor=Oracle Corporation,daemonRegistryDir=C:\Users\Ronal\.gradle\daemon,pid=26952,idleTimeout=10800000,priority=NORMAL,applyInstrumentationAgent=true,nativeServicesMode=ENABLED,daemonOpts=-XX:MaxMetaspaceSize=384m,-XX:+HeapDumpOnOutOfMemoryError,-Xms256m,-Xmx512m,-Dfile.encoding=UTF-8,-Duser.country=ES,-Duser.language=es,-Duser.variant]} however its context does not match the desired criteria.
At least one daemon option is different.
Wanted: DaemonRequestContext{jvmCriteria=C:\Program Files\java\jdk-24.0.2 (no JDK specified, using current Java home), daemonOpts=[--enable-native-access=ALL-UNNAMED, -Dfile.encoding=UTF-8, -Duser.country=ES, -Duser.language=es, -Duser.variant], applyInstrumentationAgent=true, nativeServicesMode=ENABLED, priority=NORMAL}
Actual: DefaultDaemonContext[uid=fab666da-c9b3-43a1-b308-1261abff0bc1,javaHome=C:\Program Files\java\jdk-24.0.2,javaVersion=24,javaVendor=Oracle Corporation,daemonRegistryDir=C:\Users\Ronal\.gradle\daemon,pid=26952,idleTimeout=10800000,priority=NORMAL,applyInstrumentationAgent=true,nativeServicesMode=ENABLED,daemonOpts=-XX:MaxMetaspaceSize=384m,-XX:+HeapDumpOnOutOfMemoryError,-Xms256m,-Xmx512m,-Dfile.encoding=UTF-8,-Duser.country=ES,-Duser.language=es,-Duser.variant]

  Looking for a different daemon...
Found daemon DaemonInfo{pid=23600, address=[500d8514-35a4-4c46-b4c4-fbc78d345235 port:61057, addresses:[/127.0.0.1]], state=Idle, lastBusy=1772757203658, context=DefaultDaemonContext[uid=3c09e644-cc13-422f-820c-dff75bad6220,javaHome=C:\Users\Ronal\.antigravity\extensions\redhat.java-1.12.0-win32-x64\jre\17.0.4.1-win32-x86_64,javaVersion=17,javaVendor=Eclipse Adoptium,daemonRegistryDir=C:\Users\Ronal\.gradle\daemon,pid=23600,idleTimeout=10800000,priority=NORMAL,applyInstrumentationAgent=true,nativeServicesMode=ENABLED,daemonOpts=-XX:MaxMetaspaceSize=384m,-XX:+HeapDumpOnOutOfMemoryError,-Xms256m,-Xmx512m,-Dfile.encoding=UTF-8,-Duser.country=ES,-Duser.language=es,-Duser.variant]} however its context does not match the desired criteria.
JVM is incompatible.
Wanted: DaemonRequestContext{jvmCriteria=C:\Program Files\java\jdk-24.0.2 (no JDK specified, using current Java home), daemonOpts=[--enable-native-access=ALL-UNNAMED, -Dfile.encoding=UTF-8, -Duser.country=ES, -Duser.language=es, -Duser.variant], applyInstrumentationAgent=true, nativeServicesMode=ENABLED, priority=NORMAL}
Actual: DefaultDaemonContext[uid=3c09e644-cc13-422f-820c-dff75bad6220,javaHome=C:\Users\Ronal\.antigravity\extensions\redhat.java-1.12.0-win32-x64\jre\17.0.4.1-win32-x86_64,javaVersion=17,javaVendor=Eclipse Adoptium,daemonRegistryDir=C:\Users\Ronal\.gradle\daemon,pid=23600,idleTimeout=10800000,priority=NORMAL,applyInstrumentationAgent=true,nativeServicesMode=ENABLED,daemonOpts=-XX:MaxMetaspaceSize=384m,-XX:+HeapDumpOnOutOfMemoryError,-Xms256m,-Xmx512m,-Dfile.encoding=UTF-8,-Duser.country=ES,-Duser.language=es,-Duser.variant]

  Looking for a different daemon...
Found daemon DaemonInfo{pid=18404, address=[fca73f1a-8e21-4c47-b932-32e4c4d0f921 port:63455, addresses:[/127.0.0.1]], state=Idle, lastBusy=1773614925409, context=DefaultDaemonContext[uid=69319366-f22d-4892-92c7-918a82b5167a,javaHome=C:\Users\Ronal\.antigravity\extensions\redhat.java-1.53.0-win32-x64\jre\21.0.10-win32-x86_64,javaVersion=21,javaVendor=Eclipse Adoptium,daemonRegistryDir=C:\Users\Ronal\.gradle\daemon,pid=18404,idleTimeout=10800000,priority=NORMAL,applyInstrumentationAgent=true,nativeServicesMode=ENABLED,daemonOpts=--enable-native-access=ALL-UNNAMED,-Dfile.encoding=UTF-8,-Duser.country=ES,-Duser.language=es,-Duser.variant]} however its context does not match the desired criteria.
JVM is incompatible.
Wanted: DaemonRequestContext{jvmCriteria=C:\Program Files\java\jdk-24.0.2 (no JDK specified, using current Java home), daemonOpts=[--enable-native-access=ALL-UNNAMED, -Dfile.encoding=UTF-8, -Duser.country=ES, -Duser.language=es, -Duser.variant], applyInstrumentationAgent=true, nativeServicesMode=ENABLED, priority=NORMAL}
Actual: DefaultDaemonContext[uid=69319366-f22d-4892-92c7-918a82b5167a,javaHome=C:\Users\Ronal\.antigravity\extensions\redhat.java-1.53.0-win32-x64\jre\21.0.10-win32-x86_64,javaVersion=21,javaVendor=Eclipse Adoptium,daemonRegistryDir=C:\Users\Ronal\.gradle\daemon,pid=18404,idleTimeout=10800000,priority=NORMAL,applyInstrumentationAgent=true,nativeServicesMode=ENABLED,daemonOpts=--enable-native-access=ALL-UNNAMED,-Dfile.encoding=UTF-8,-Duser.country=ES,-Duser.language=es,-Duser.variant]

  Looking for a different daemon...
The client will now receive all logging from the daemon (pid: 7520). The daemon log file: C:\Users\Ronal\.gradle\daemon\8.14.4\daemon-7520.out.log
Starting 5th build in daemon [uptime: 41.697 secs, performance: 100%, GC rate: 0.00/s, heap usage: 0% of 3.9 GiB]
Using 12 worker leases.
Now considering [D:\Escritorio\framework-con-IA] as hierarchies to watch
Watching the file system is configured to be enabled if available
File system watching is active
Starting Build
Settings evaluated using settings file 'D:\Escritorio\framework-con-IA\settings.gradle.kts'.
Projects loaded. Root project using build file 'D:\Escritorio\framework-con-IA\build.gradle.kts'.
Included projects: [root project 'Antigravity-QA-Core-Selenium']

> Configure project :
Evaluating root project 'Antigravity-QA-Core-Selenium' using build file 'D:\Escritorio\framework-con-IA\build.gradle.kts'.
Resolved plugin [id: 'java']
Resolved plugin [id: 'io.qameta.allure', version: '3.0.2']
All projects evaluated.
Task name matched 'test'

[Incubating] Problems report is available at: file:///D:/Escritorio/framework-con-IA/build/reports/problems/problems-report.html
.\gradlew.bat : 
En línea: 1 Carácter: 1
+ .\gradlew.bat test -Dcucumber.filter.tags="@Registro" --info > test_o ...
+ ~~~~~~~~~~~~~~~~~~~~~~~~~~~~~~~~~~~~~~~~~~~~~~~~~~~~~~~~~~~~~~~~~~~~~
    + CategoryInfo          : NotSpecified: (:String) [], RemoteException
    + FullyQualifiedErrorId : NativeCommandError
 
FAILURE: Build failed with an exception.

* What went wrong:
Task '.filter.tags=@Registro' not found in root project 
'Antigravity-QA-Core-Selenium'.

* Try:
> Run gradlew tasks to get a list of available tasks.
> For more on name expansion, please refer to https://docs.gradle.org/8.14.4/u
serguide/command_line_interface.html#sec:name_abbreviation in the Gradle 
documentation.
> Run with --stacktrace option to get the stack trace.
> Run with --debug option to get more log output.
> Run with --scan to get full insights.
> Get more help at https://help.gradle.org.

BUILD FAILED in 701ms
Watched directory hierarchies: [D:\Escritorio\framework-con-IA]
